
AVRASM ver. 2.1.30  E:\CM2\TX\Debug\List\TX2.asm Fri Oct 06 22:43:04 2017

E:\CM2\TX\Debug\List\TX2.asm(1088): warning: Register r4 already defined by the .DEF directive
E:\CM2\TX\Debug\List\TX2.asm(1089): warning: Register r5 already defined by the .DEF directive
E:\CM2\TX\Debug\List\TX2.asm(1090): warning: Register r6 already defined by the .DEF directive
E:\CM2\TX\Debug\List\TX2.asm(1091): warning: Register r7 already defined by the .DEF directive
E:\CM2\TX\Debug\List\TX2.asm(1092): warning: Register r8 already defined by the .DEF directive
E:\CM2\TX\Debug\List\TX2.asm(1093): warning: Register r9 already defined by the .DEF directive
E:\CM2\TX\Debug\List\TX2.asm(1094): warning: Register r11 already defined by the .DEF directive
E:\CM2\TX\Debug\List\TX2.asm(1095): warning: Register r10 already defined by the .DEF directive
E:\CM2\TX\Debug\List\TX2.asm(1096): warning: Register r13 already defined by the .DEF directive
E:\CM2\TX\Debug\List\TX2.asm(1097): warning: Register r12 already defined by the .DEF directive
                 
                 
                 ;CodeVisionAVR C Compiler V3.12 Advanced
                 ;(C) Copyright 1998-2014 Pavel Haiduc, HP InfoTech s.r.l.
                 ;http://www.hpinfotech.com
                 
                 ;Build configuration    : Debug
                 ;Chip type              : ATmega16
                 ;Program type           : Application
                 ;Clock frequency        : 1.000000 MHz
                 ;Memory model           : Small
                 ;Optimize for           : Size
                 ;(s)printf features     : int, width
                 ;(s)scanf features      : int, width
                 ;External RAM size      : 0
                 ;Data Stack size        : 256 byte(s)
                 ;Heap size              : 0 byte(s)
                 ;Promote 'char' to 'int': Yes
                 ;'char' is unsigned     : Yes
                 ;8 bit enums            : Yes
                 ;Global 'const' stored in FLASH: Yes
                 ;Enhanced function parameter passing: Yes
                 ;Enhanced core instructions: On
                 ;Automatic register allocation for global variables: On
                 ;Smart register allocation: On
                 
                 	#define _MODEL_SMALL_
                 
                 	#pragma AVRPART ADMIN PART_NAME ATmega16
                 	#pragma AVRPART MEMORY PROG_FLASH 16384
                 	#pragma AVRPART MEMORY EEPROM 512
                 	#pragma AVRPART MEMORY INT_SRAM SIZE 1024
                 	#pragma AVRPART MEMORY INT_SRAM START_ADDR 0x60
                 
                 	#define CALL_SUPPORTED 1
                 
                 	.LISTMAC
                 	.EQU UDRE=0x5
                 	.EQU RXC=0x7
                 	.EQU USR=0xB
                 	.EQU UDR=0xC
                 	.EQU SPSR=0xE
                 	.EQU SPDR=0xF
                 	.EQU EERE=0x0
                 	.EQU EEWE=0x1
                 	.EQU EEMWE=0x2
                 	.EQU EECR=0x1C
                 	.EQU EEDR=0x1D
                 	.EQU EEARL=0x1E
                 	.EQU EEARH=0x1F
                 	.EQU WDTCR=0x21
                 	.EQU MCUCR=0x35
                 	.EQU GICR=0x3B
                 	.EQU SPL=0x3D
                 	.EQU SPH=0x3E
                 	.EQU SREG=0x3F
                 
                 	.DEF R0X0=R0
                 	.DEF R0X1=R1
                 	.DEF R0X2=R2
                 	.DEF R0X3=R3
                 	.DEF R0X4=R4
                 	.DEF R0X5=R5
                 	.DEF R0X6=R6
                 	.DEF R0X7=R7
                 	.DEF R0X8=R8
                 	.DEF R0X9=R9
                 	.DEF R0XA=R10
                 	.DEF R0XB=R11
                 	.DEF R0XC=R12
                 	.DEF R0XD=R13
                 	.DEF R0XE=R14
                 	.DEF R0XF=R15
                 	.DEF R0X10=R16
                 	.DEF R0X11=R17
                 	.DEF R0X12=R18
                 	.DEF R0X13=R19
                 	.DEF R0X14=R20
                 	.DEF R0X15=R21
                 	.DEF R0X16=R22
                 	.DEF R0X17=R23
                 	.DEF R0X18=R24
                 	.DEF R0X19=R25
                 	.DEF R0X1A=R26
                 	.DEF R0X1B=R27
                 	.DEF R0X1C=R28
                 	.DEF R0X1D=R29
                 	.DEF R0X1E=R30
                 	.DEF R0X1F=R31
                 
                 	.EQU __SRAM_START=0x0060
                 	.EQU __SRAM_END=0x045F
                 	.EQU __DSTACK_SIZE=0x0100
                 	.EQU __HEAP_SIZE=0x0000
                 	.EQU __CLEAR_SRAM_SIZE=__SRAM_END-__SRAM_START+1
                 
                 	.MACRO __CPD1N
                 	CPI  R30,LOW(@0)
                 	LDI  R26,HIGH(@0)
                 	CPC  R31,R26
                 	LDI  R26,BYTE3(@0)
                 	CPC  R22,R26
                 	LDI  R26,BYTE4(@0)
                 	CPC  R23,R26
                 	.ENDM
                 
                 	.MACRO __CPD2N
                 	CPI  R26,LOW(@0)
                 	LDI  R30,HIGH(@0)
                 	CPC  R27,R30
                 	LDI  R30,BYTE3(@0)
                 	CPC  R24,R30
                 	LDI  R30,BYTE4(@0)
                 	CPC  R25,R30
                 	.ENDM
                 
                 	.MACRO __CPWRR
                 	CP   R@0,R@2
                 	CPC  R@1,R@3
                 	.ENDM
                 
                 	.MACRO __CPWRN
                 	CPI  R@0,LOW(@2)
                 	LDI  R30,HIGH(@2)
                 	CPC  R@1,R30
                 	.ENDM
                 
                 	.MACRO __ADDB1MN
                 	SUBI R30,LOW(-@0-(@1))
                 	.ENDM
                 
                 	.MACRO __ADDB2MN
                 	SUBI R26,LOW(-@0-(@1))
                 	.ENDM
                 
                 	.MACRO __ADDW1MN
                 	SUBI R30,LOW(-@0-(@1))
                 	SBCI R31,HIGH(-@0-(@1))
                 	.ENDM
                 
                 	.MACRO __ADDW2MN
                 	SUBI R26,LOW(-@0-(@1))
                 	SBCI R27,HIGH(-@0-(@1))
                 	.ENDM
                 
                 	.MACRO __ADDW1FN
                 	SUBI R30,LOW(-2*@0-(@1))
                 	SBCI R31,HIGH(-2*@0-(@1))
                 	.ENDM
                 
                 	.MACRO __ADDD1FN
                 	SUBI R30,LOW(-2*@0-(@1))
                 	SBCI R31,HIGH(-2*@0-(@1))
                 	SBCI R22,BYTE3(-2*@0-(@1))
                 	.ENDM
                 
                 	.MACRO __ADDD1N
                 	SUBI R30,LOW(-@0)
                 	SBCI R31,HIGH(-@0)
                 	SBCI R22,BYTE3(-@0)
                 	SBCI R23,BYTE4(-@0)
                 	.ENDM
                 
                 	.MACRO __ADDD2N
                 	SUBI R26,LOW(-@0)
                 	SBCI R27,HIGH(-@0)
                 	SBCI R24,BYTE3(-@0)
                 	SBCI R25,BYTE4(-@0)
                 	.ENDM
                 
                 	.MACRO __SUBD1N
                 	SUBI R30,LOW(@0)
                 	SBCI R31,HIGH(@0)
                 	SBCI R22,BYTE3(@0)
                 	SBCI R23,BYTE4(@0)
                 	.ENDM
                 
                 	.MACRO __SUBD2N
                 	SUBI R26,LOW(@0)
                 	SBCI R27,HIGH(@0)
                 	SBCI R24,BYTE3(@0)
                 	SBCI R25,BYTE4(@0)
                 	.ENDM
                 
                 	.MACRO __ANDBMNN
                 	LDS  R30,@0+(@1)
                 	ANDI R30,LOW(@2)
                 	STS  @0+(@1),R30
                 	.ENDM
                 
                 	.MACRO __ANDWMNN
                 	LDS  R30,@0+(@1)
                 	ANDI R30,LOW(@2)
                 	STS  @0+(@1),R30
                 	LDS  R30,@0+(@1)+1
                 	ANDI R30,HIGH(@2)
                 	STS  @0+(@1)+1,R30
                 	.ENDM
                 
                 	.MACRO __ANDD1N
                 	ANDI R30,LOW(@0)
                 	ANDI R31,HIGH(@0)
                 	ANDI R22,BYTE3(@0)
                 	ANDI R23,BYTE4(@0)
                 	.ENDM
                 
                 	.MACRO __ANDD2N
                 	ANDI R26,LOW(@0)
                 	ANDI R27,HIGH(@0)
                 	ANDI R24,BYTE3(@0)
                 	ANDI R25,BYTE4(@0)
                 	.ENDM
                 
                 	.MACRO __ORBMNN
                 	LDS  R30,@0+(@1)
                 	ORI  R30,LOW(@2)
                 	STS  @0+(@1),R30
                 	.ENDM
                 
                 	.MACRO __ORWMNN
                 	LDS  R30,@0+(@1)
                 	ORI  R30,LOW(@2)
                 	STS  @0+(@1),R30
                 	LDS  R30,@0+(@1)+1
                 	ORI  R30,HIGH(@2)
                 	STS  @0+(@1)+1,R30
                 	.ENDM
                 
                 	.MACRO __ORD1N
                 	ORI  R30,LOW(@0)
                 	ORI  R31,HIGH(@0)
                 	ORI  R22,BYTE3(@0)
                 	ORI  R23,BYTE4(@0)
                 	.ENDM
                 
                 	.MACRO __ORD2N
                 	ORI  R26,LOW(@0)
                 	ORI  R27,HIGH(@0)
                 	ORI  R24,BYTE3(@0)
                 	ORI  R25,BYTE4(@0)
                 	.ENDM
                 
                 	.MACRO __DELAY_USB
                 	LDI  R24,LOW(@0)
                 __DELAY_USB_LOOP:
                 	DEC  R24
                 	BRNE __DELAY_USB_LOOP
                 	.ENDM
                 
                 	.MACRO __DELAY_USW
                 	LDI  R24,LOW(@0)
                 	LDI  R25,HIGH(@0)
                 __DELAY_USW_LOOP:
                 	SBIW R24,1
                 	BRNE __DELAY_USW_LOOP
                 	.ENDM
                 
                 	.MACRO __GETD1S
                 	LDD  R30,Y+@0
                 	LDD  R31,Y+@0+1
                 	LDD  R22,Y+@0+2
                 	LDD  R23,Y+@0+3
                 	.ENDM
                 
                 	.MACRO __GETD2S
                 	LDD  R26,Y+@0
                 	LDD  R27,Y+@0+1
                 	LDD  R24,Y+@0+2
                 	LDD  R25,Y+@0+3
                 	.ENDM
                 
                 	.MACRO __PUTD1S
                 	STD  Y+@0,R30
                 	STD  Y+@0+1,R31
                 	STD  Y+@0+2,R22
                 	STD  Y+@0+3,R23
                 	.ENDM
                 
                 	.MACRO __PUTD2S
                 	STD  Y+@0,R26
                 	STD  Y+@0+1,R27
                 	STD  Y+@0+2,R24
                 	STD  Y+@0+3,R25
                 	.ENDM
                 
                 	.MACRO __PUTDZ2
                 	STD  Z+@0,R26
                 	STD  Z+@0+1,R27
                 	STD  Z+@0+2,R24
                 	STD  Z+@0+3,R25
                 	.ENDM
                 
                 	.MACRO __CLRD1S
                 	STD  Y+@0,R30
                 	STD  Y+@0+1,R30
                 	STD  Y+@0+2,R30
                 	STD  Y+@0+3,R30
                 	.ENDM
                 
                 	.MACRO __POINTB1MN
                 	LDI  R30,LOW(@0+(@1))
                 	.ENDM
                 
                 	.MACRO __POINTW1MN
                 	LDI  R30,LOW(@0+(@1))
                 	LDI  R31,HIGH(@0+(@1))
                 	.ENDM
                 
                 	.MACRO __POINTD1M
                 	LDI  R30,LOW(@0)
                 	LDI  R31,HIGH(@0)
                 	LDI  R22,BYTE3(@0)
                 	LDI  R23,BYTE4(@0)
                 	.ENDM
                 
                 	.MACRO __POINTW1FN
                 	LDI  R30,LOW(2*@0+(@1))
                 	LDI  R31,HIGH(2*@0+(@1))
                 	.ENDM
                 
                 	.MACRO __POINTD1FN
                 	LDI  R30,LOW(2*@0+(@1))
                 	LDI  R31,HIGH(2*@0+(@1))
                 	LDI  R22,BYTE3(2*@0+(@1))
                 	LDI  R23,BYTE4(2*@0+(@1))
                 	.ENDM
                 
                 	.MACRO __POINTB2MN
                 	LDI  R26,LOW(@0+(@1))
                 	.ENDM
                 
                 	.MACRO __POINTW2MN
                 	LDI  R26,LOW(@0+(@1))
                 	LDI  R27,HIGH(@0+(@1))
                 	.ENDM
                 
                 	.MACRO __POINTW2FN
                 	LDI  R26,LOW(2*@0+(@1))
                 	LDI  R27,HIGH(2*@0+(@1))
                 	.ENDM
                 
                 	.MACRO __POINTD2FN
                 	LDI  R26,LOW(2*@0+(@1))
                 	LDI  R27,HIGH(2*@0+(@1))
                 	LDI  R24,BYTE3(2*@0+(@1))
                 	LDI  R25,BYTE4(2*@0+(@1))
                 	.ENDM
                 
                 	.MACRO __POINTBRM
                 	LDI  R@0,LOW(@1)
                 	.ENDM
                 
                 	.MACRO __POINTWRM
                 	LDI  R@0,LOW(@2)
                 	LDI  R@1,HIGH(@2)
                 	.ENDM
                 
                 	.MACRO __POINTBRMN
                 	LDI  R@0,LOW(@1+(@2))
                 	.ENDM
                 
                 	.MACRO __POINTWRMN
                 	LDI  R@0,LOW(@2+(@3))
                 	LDI  R@1,HIGH(@2+(@3))
                 	.ENDM
                 
                 	.MACRO __POINTWRFN
                 	LDI  R@0,LOW(@2*2+(@3))
                 	LDI  R@1,HIGH(@2*2+(@3))
                 	.ENDM
                 
                 	.MACRO __GETD1N
                 	LDI  R30,LOW(@0)
                 	LDI  R31,HIGH(@0)
                 	LDI  R22,BYTE3(@0)
                 	LDI  R23,BYTE4(@0)
                 	.ENDM
                 
                 	.MACRO __GETD2N
                 	LDI  R26,LOW(@0)
                 	LDI  R27,HIGH(@0)
                 	LDI  R24,BYTE3(@0)
                 	LDI  R25,BYTE4(@0)
                 	.ENDM
                 
                 	.MACRO __GETB1MN
                 	LDS  R30,@0+(@1)
                 	.ENDM
                 
                 	.MACRO __GETB1HMN
                 	LDS  R31,@0+(@1)
                 	.ENDM
                 
                 	.MACRO __GETW1MN
                 	LDS  R30,@0+(@1)
                 	LDS  R31,@0+(@1)+1
                 	.ENDM
                 
                 	.MACRO __GETD1MN
                 	LDS  R30,@0+(@1)
                 	LDS  R31,@0+(@1)+1
                 	LDS  R22,@0+(@1)+2
                 	LDS  R23,@0+(@1)+3
                 	.ENDM
                 
                 	.MACRO __GETBRMN
                 	LDS  R@0,@1+(@2)
                 	.ENDM
                 
                 	.MACRO __GETWRMN
                 	LDS  R@0,@2+(@3)
                 	LDS  R@1,@2+(@3)+1
                 	.ENDM
                 
                 	.MACRO __GETWRZ
                 	LDD  R@0,Z+@2
                 	LDD  R@1,Z+@2+1
                 	.ENDM
                 
                 	.MACRO __GETD2Z
                 	LDD  R26,Z+@0
                 	LDD  R27,Z+@0+1
                 	LDD  R24,Z+@0+2
                 	LDD  R25,Z+@0+3
                 	.ENDM
                 
                 	.MACRO __GETB2MN
                 	LDS  R26,@0+(@1)
                 	.ENDM
                 
                 	.MACRO __GETW2MN
                 	LDS  R26,@0+(@1)
                 	LDS  R27,@0+(@1)+1
                 	.ENDM
                 
                 	.MACRO __GETD2MN
                 	LDS  R26,@0+(@1)
                 	LDS  R27,@0+(@1)+1
                 	LDS  R24,@0+(@1)+2
                 	LDS  R25,@0+(@1)+3
                 	.ENDM
                 
                 	.MACRO __PUTB1MN
                 	STS  @0+(@1),R30
                 	.ENDM
                 
                 	.MACRO __PUTW1MN
                 	STS  @0+(@1),R30
                 	STS  @0+(@1)+1,R31
                 	.ENDM
                 
                 	.MACRO __PUTD1MN
                 	STS  @0+(@1),R30
                 	STS  @0+(@1)+1,R31
                 	STS  @0+(@1)+2,R22
                 	STS  @0+(@1)+3,R23
                 	.ENDM
                 
                 	.MACRO __PUTB1EN
                 	LDI  R26,LOW(@0+(@1))
                 	LDI  R27,HIGH(@0+(@1))
                 	CALL __EEPROMWRB
                 	.ENDM
                 
                 	.MACRO __PUTW1EN
                 	LDI  R26,LOW(@0+(@1))
                 	LDI  R27,HIGH(@0+(@1))
                 	CALL __EEPROMWRW
                 	.ENDM
                 
                 	.MACRO __PUTD1EN
                 	LDI  R26,LOW(@0+(@1))
                 	LDI  R27,HIGH(@0+(@1))
                 	CALL __EEPROMWRD
                 	.ENDM
                 
                 	.MACRO __PUTBR0MN
                 	STS  @0+(@1),R0
                 	.ENDM
                 
                 	.MACRO __PUTBMRN
                 	STS  @0+(@1),R@2
                 	.ENDM
                 
                 	.MACRO __PUTWMRN
                 	STS  @0+(@1),R@2
                 	STS  @0+(@1)+1,R@3
                 	.ENDM
                 
                 	.MACRO __PUTBZR
                 	STD  Z+@1,R@0
                 	.ENDM
                 
                 	.MACRO __PUTWZR
                 	STD  Z+@2,R@0
                 	STD  Z+@2+1,R@1
                 	.ENDM
                 
                 	.MACRO __GETW1R
                 	MOV  R30,R@0
                 	MOV  R31,R@1
                 	.ENDM
                 
                 	.MACRO __GETW2R
                 	MOV  R26,R@0
                 	MOV  R27,R@1
                 	.ENDM
                 
                 	.MACRO __GETWRN
                 	LDI  R@0,LOW(@2)
                 	LDI  R@1,HIGH(@2)
                 	.ENDM
                 
                 	.MACRO __PUTW1R
                 	MOV  R@0,R30
                 	MOV  R@1,R31
                 	.ENDM
                 
                 	.MACRO __PUTW2R
                 	MOV  R@0,R26
                 	MOV  R@1,R27
                 	.ENDM
                 
                 	.MACRO __ADDWRN
                 	SUBI R@0,LOW(-@2)
                 	SBCI R@1,HIGH(-@2)
                 	.ENDM
                 
                 	.MACRO __ADDWRR
                 	ADD  R@0,R@2
                 	ADC  R@1,R@3
                 	.ENDM
                 
                 	.MACRO __SUBWRN
                 	SUBI R@0,LOW(@2)
                 	SBCI R@1,HIGH(@2)
                 	.ENDM
                 
                 	.MACRO __SUBWRR
                 	SUB  R@0,R@2
                 	SBC  R@1,R@3
                 	.ENDM
                 
                 	.MACRO __ANDWRN
                 	ANDI R@0,LOW(@2)
                 	ANDI R@1,HIGH(@2)
                 	.ENDM
                 
                 	.MACRO __ANDWRR
                 	AND  R@0,R@2
                 	AND  R@1,R@3
                 	.ENDM
                 
                 	.MACRO __ORWRN
                 	ORI  R@0,LOW(@2)
                 	ORI  R@1,HIGH(@2)
                 	.ENDM
                 
                 	.MACRO __ORWRR
                 	OR   R@0,R@2
                 	OR   R@1,R@3
                 	.ENDM
                 
                 	.MACRO __EORWRR
                 	EOR  R@0,R@2
                 	EOR  R@1,R@3
                 	.ENDM
                 
                 	.MACRO __GETWRS
                 	LDD  R@0,Y+@2
                 	LDD  R@1,Y+@2+1
                 	.ENDM
                 
                 	.MACRO __PUTBSR
                 	STD  Y+@1,R@0
                 	.ENDM
                 
                 	.MACRO __PUTWSR
                 	STD  Y+@2,R@0
                 	STD  Y+@2+1,R@1
                 	.ENDM
                 
                 	.MACRO __MOVEWRR
                 	MOV  R@0,R@2
                 	MOV  R@1,R@3
                 	.ENDM
                 
                 	.MACRO __INWR
                 	IN   R@0,@2
                 	IN   R@1,@2+1
                 	.ENDM
                 
                 	.MACRO __OUTWR
                 	OUT  @2+1,R@1
                 	OUT  @2,R@0
                 	.ENDM
                 
                 	.MACRO __CALL1MN
                 	LDS  R30,@0+(@1)
                 	LDS  R31,@0+(@1)+1
                 	ICALL
                 	.ENDM
                 
                 	.MACRO __CALL1FN
                 	LDI  R30,LOW(2*@0+(@1))
                 	LDI  R31,HIGH(2*@0+(@1))
                 	CALL __GETW1PF
                 	ICALL
                 	.ENDM
                 
                 	.MACRO __CALL2EN
                 	PUSH R26
                 	PUSH R27
                 	LDI  R26,LOW(@0+(@1))
                 	LDI  R27,HIGH(@0+(@1))
                 	CALL __EEPROMRDW
                 	POP  R27
                 	POP  R26
                 	ICALL
                 	.ENDM
                 
                 	.MACRO __CALL2EX
                 	SUBI R26,LOW(-@0)
                 	SBCI R27,HIGH(-@0)
                 	CALL __EEPROMRDD
                 	ICALL
                 	.ENDM
                 
                 	.MACRO __GETW1STACK
                 	IN   R30,SPL
                 	IN   R31,SPH
                 	ADIW R30,@0+1
                 	LD   R0,Z+
                 	LD   R31,Z
                 	MOV  R30,R0
                 	.ENDM
                 
                 	.MACRO __GETD1STACK
                 	IN   R30,SPL
                 	IN   R31,SPH
                 	ADIW R30,@0+1
                 	LD   R0,Z+
                 	LD   R1,Z+
                 	LD   R22,Z
                 	MOVW R30,R0
                 	.ENDM
                 
                 	.MACRO __NBST
                 	BST  R@0,@1
                 	IN   R30,SREG
                 	LDI  R31,0x40
                 	EOR  R30,R31
                 	OUT  SREG,R30
                 	.ENDM
                 
                 
                 	.MACRO __PUTB1SN
                 	LDD  R26,Y+@0
                 	LDD  R27,Y+@0+1
                 	SUBI R26,LOW(-@1)
                 	SBCI R27,HIGH(-@1)
                 	ST   X,R30
                 	.ENDM
                 
                 	.MACRO __PUTW1SN
                 	LDD  R26,Y+@0
                 	LDD  R27,Y+@0+1
                 	SUBI R26,LOW(-@1)
                 	SBCI R27,HIGH(-@1)
                 	ST   X+,R30
                 	ST   X,R31
                 	.ENDM
                 
                 	.MACRO __PUTD1SN
                 	LDD  R26,Y+@0
                 	LDD  R27,Y+@0+1
                 	SUBI R26,LOW(-@1)
                 	SBCI R27,HIGH(-@1)
                 	CALL __PUTDP1
                 	.ENDM
                 
                 	.MACRO __PUTB1SNS
                 	LDD  R26,Y+@0
                 	LDD  R27,Y+@0+1
                 	ADIW R26,@1
                 	ST   X,R30
                 	.ENDM
                 
                 	.MACRO __PUTW1SNS
                 	LDD  R26,Y+@0
                 	LDD  R27,Y+@0+1
                 	ADIW R26,@1
                 	ST   X+,R30
                 	ST   X,R31
                 	.ENDM
                 
                 	.MACRO __PUTD1SNS
                 	LDD  R26,Y+@0
                 	LDD  R27,Y+@0+1
                 	ADIW R26,@1
                 	CALL __PUTDP1
                 	.ENDM
                 
                 	.MACRO __PUTB1PMN
                 	LDS  R26,@0
                 	LDS  R27,@0+1
                 	SUBI R26,LOW(-@1)
                 	SBCI R27,HIGH(-@1)
                 	ST   X,R30
                 	.ENDM
                 
                 	.MACRO __PUTW1PMN
                 	LDS  R26,@0
                 	LDS  R27,@0+1
                 	SUBI R26,LOW(-@1)
                 	SBCI R27,HIGH(-@1)
                 	ST   X+,R30
                 	ST   X,R31
                 	.ENDM
                 
                 	.MACRO __PUTD1PMN
                 	LDS  R26,@0
                 	LDS  R27,@0+1
                 	SUBI R26,LOW(-@1)
                 	SBCI R27,HIGH(-@1)
                 	CALL __PUTDP1
                 	.ENDM
                 
                 	.MACRO __PUTB1PMNS
                 	LDS  R26,@0
                 	LDS  R27,@0+1
                 	ADIW R26,@1
                 	ST   X,R30
                 	.ENDM
                 
                 	.MACRO __PUTW1PMNS
                 	LDS  R26,@0
                 	LDS  R27,@0+1
                 	ADIW R26,@1
                 	ST   X+,R30
                 	ST   X,R31
                 	.ENDM
                 
                 	.MACRO __PUTD1PMNS
                 	LDS  R26,@0
                 	LDS  R27,@0+1
                 	ADIW R26,@1
                 	CALL __PUTDP1
                 	.ENDM
                 
                 	.MACRO __PUTB1RN
                 	MOVW R26,R@0
                 	SUBI R26,LOW(-@1)
                 	SBCI R27,HIGH(-@1)
                 	ST   X,R30
                 	.ENDM
                 
                 	.MACRO __PUTW1RN
                 	MOVW R26,R@0
                 	SUBI R26,LOW(-@1)
                 	SBCI R27,HIGH(-@1)
                 	ST   X+,R30
                 	ST   X,R31
                 	.ENDM
                 
                 	.MACRO __PUTD1RN
                 	MOVW R26,R@0
                 	SUBI R26,LOW(-@1)
                 	SBCI R27,HIGH(-@1)
                 	CALL __PUTDP1
                 	.ENDM
                 
                 	.MACRO __PUTB1RNS
                 	MOVW R26,R@0
                 	ADIW R26,@1
                 	ST   X,R30
                 	.ENDM
                 
                 	.MACRO __PUTW1RNS
                 	MOVW R26,R@0
                 	ADIW R26,@1
                 	ST   X+,R30
                 	ST   X,R31
                 	.ENDM
                 
                 	.MACRO __PUTD1RNS
                 	MOVW R26,R@0
                 	ADIW R26,@1
                 	CALL __PUTDP1
                 	.ENDM
                 
                 	.MACRO __PUTB1RON
                 	MOV  R26,R@0
                 	MOV  R27,R@1
                 	SUBI R26,LOW(-@2)
                 	SBCI R27,HIGH(-@2)
                 	ST   X,R30
                 	.ENDM
                 
                 	.MACRO __PUTW1RON
                 	MOV  R26,R@0
                 	MOV  R27,R@1
                 	SUBI R26,LOW(-@2)
                 	SBCI R27,HIGH(-@2)
                 	ST   X+,R30
                 	ST   X,R31
                 	.ENDM
                 
                 	.MACRO __PUTD1RON
                 	MOV  R26,R@0
                 	MOV  R27,R@1
                 	SUBI R26,LOW(-@2)
                 	SBCI R27,HIGH(-@2)
                 	CALL __PUTDP1
                 	.ENDM
                 
                 	.MACRO __PUTB1RONS
                 	MOV  R26,R@0
                 	MOV  R27,R@1
                 	ADIW R26,@2
                 	ST   X,R30
                 	.ENDM
                 
                 	.MACRO __PUTW1RONS
                 	MOV  R26,R@0
                 	MOV  R27,R@1
                 	ADIW R26,@2
                 	ST   X+,R30
                 	ST   X,R31
                 	.ENDM
                 
                 	.MACRO __PUTD1RONS
                 	MOV  R26,R@0
                 	MOV  R27,R@1
                 	ADIW R26,@2
                 	CALL __PUTDP1
                 	.ENDM
                 
                 
                 	.MACRO __GETB1SX
                 	MOVW R30,R28
                 	SUBI R30,LOW(-@0)
                 	SBCI R31,HIGH(-@0)
                 	LD   R30,Z
                 	.ENDM
                 
                 	.MACRO __GETB1HSX
                 	MOVW R30,R28
                 	SUBI R30,LOW(-@0)
                 	SBCI R31,HIGH(-@0)
                 	LD   R31,Z
                 	.ENDM
                 
                 	.MACRO __GETW1SX
                 	MOVW R30,R28
                 	SUBI R30,LOW(-@0)
                 	SBCI R31,HIGH(-@0)
                 	LD   R0,Z+
                 	LD   R31,Z
                 	MOV  R30,R0
                 	.ENDM
                 
                 	.MACRO __GETD1SX
                 	MOVW R30,R28
                 	SUBI R30,LOW(-@0)
                 	SBCI R31,HIGH(-@0)
                 	LD   R0,Z+
                 	LD   R1,Z+
                 	LD   R22,Z+
                 	LD   R23,Z
                 	MOVW R30,R0
                 	.ENDM
                 
                 	.MACRO __GETB2SX
                 	MOVW R26,R28
                 	SUBI R26,LOW(-@0)
                 	SBCI R27,HIGH(-@0)
                 	LD   R26,X
                 	.ENDM
                 
                 	.MACRO __GETW2SX
                 	MOVW R26,R28
                 	SUBI R26,LOW(-@0)
                 	SBCI R27,HIGH(-@0)
                 	LD   R0,X+
                 	LD   R27,X
                 	MOV  R26,R0
                 	.ENDM
                 
                 	.MACRO __GETD2SX
                 	MOVW R26,R28
                 	SUBI R26,LOW(-@0)
                 	SBCI R27,HIGH(-@0)
                 	LD   R0,X+
                 	LD   R1,X+
                 	LD   R24,X+
                 	LD   R25,X
                 	MOVW R26,R0
                 	.ENDM
                 
                 	.MACRO __GETBRSX
                 	MOVW R30,R28
                 	SUBI R30,LOW(-@1)
                 	SBCI R31,HIGH(-@1)
                 	LD   R@0,Z
                 	.ENDM
                 
                 	.MACRO __GETWRSX
                 	MOVW R30,R28
                 	SUBI R30,LOW(-@2)
                 	SBCI R31,HIGH(-@2)
                 	LD   R@0,Z+
                 	LD   R@1,Z
                 	.ENDM
                 
                 	.MACRO __GETBRSX2
                 	MOVW R26,R28
                 	SUBI R26,LOW(-@1)
                 	SBCI R27,HIGH(-@1)
                 	LD   R@0,X
                 	.ENDM
                 
                 	.MACRO __GETWRSX2
                 	MOVW R26,R28
                 	SUBI R26,LOW(-@2)
                 	SBCI R27,HIGH(-@2)
                 	LD   R@0,X+
                 	LD   R@1,X
                 	.ENDM
                 
                 	.MACRO __LSLW8SX
                 	MOVW R30,R28
                 	SUBI R30,LOW(-@0)
                 	SBCI R31,HIGH(-@0)
                 	LD   R31,Z
                 	CLR  R30
                 	.ENDM
                 
                 	.MACRO __PUTB1SX
                 	MOVW R26,R28
                 	SUBI R26,LOW(-@0)
                 	SBCI R27,HIGH(-@0)
                 	ST   X,R30
                 	.ENDM
                 
                 	.MACRO __PUTW1SX
                 	MOVW R26,R28
                 	SUBI R26,LOW(-@0)
                 	SBCI R27,HIGH(-@0)
                 	ST   X+,R30
                 	ST   X,R31
                 	.ENDM
                 
                 	.MACRO __PUTD1SX
                 	MOVW R26,R28
                 	SUBI R26,LOW(-@0)
                 	SBCI R27,HIGH(-@0)
                 	ST   X+,R30
                 	ST   X+,R31
                 	ST   X+,R22
                 	ST   X,R23
                 	.ENDM
                 
                 	.MACRO __CLRW1SX
                 	MOVW R26,R28
                 	SUBI R26,LOW(-@0)
                 	SBCI R27,HIGH(-@0)
                 	ST   X+,R30
                 	ST   X,R30
                 	.ENDM
                 
                 	.MACRO __CLRD1SX
                 	MOVW R26,R28
                 	SUBI R26,LOW(-@0)
                 	SBCI R27,HIGH(-@0)
                 	ST   X+,R30
                 	ST   X+,R30
                 	ST   X+,R30
                 	ST   X,R30
                 	.ENDM
                 
                 	.MACRO __PUTB2SX
                 	MOVW R30,R28
                 	SUBI R30,LOW(-@0)
                 	SBCI R31,HIGH(-@0)
                 	ST   Z,R26
                 	.ENDM
                 
                 	.MACRO __PUTW2SX
                 	MOVW R30,R28
                 	SUBI R30,LOW(-@0)
                 	SBCI R31,HIGH(-@0)
                 	ST   Z+,R26
                 	ST   Z,R27
                 	.ENDM
                 
                 	.MACRO __PUTD2SX
                 	MOVW R30,R28
                 	SUBI R30,LOW(-@0)
                 	SBCI R31,HIGH(-@0)
                 	ST   Z+,R26
                 	ST   Z+,R27
                 	ST   Z+,R24
                 	ST   Z,R25
                 	.ENDM
                 
                 	.MACRO __PUTBSRX
                 	MOVW R30,R28
                 	SUBI R30,LOW(-@1)
                 	SBCI R31,HIGH(-@1)
                 	ST   Z,R@0
                 	.ENDM
                 
                 	.MACRO __PUTWSRX
                 	MOVW R30,R28
                 	SUBI R30,LOW(-@2)
                 	SBCI R31,HIGH(-@2)
                 	ST   Z+,R@0
                 	ST   Z,R@1
                 	.ENDM
                 
                 	.MACRO __PUTB1SNX
                 	MOVW R26,R28
                 	SUBI R26,LOW(-@0)
                 	SBCI R27,HIGH(-@0)
                 	LD   R0,X+
                 	LD   R27,X
                 	MOV  R26,R0
                 	SUBI R26,LOW(-@1)
                 	SBCI R27,HIGH(-@1)
                 	ST   X,R30
                 	.ENDM
                 
                 	.MACRO __PUTW1SNX
                 	MOVW R26,R28
                 	SUBI R26,LOW(-@0)
                 	SBCI R27,HIGH(-@0)
                 	LD   R0,X+
                 	LD   R27,X
                 	MOV  R26,R0
                 	SUBI R26,LOW(-@1)
                 	SBCI R27,HIGH(-@1)
                 	ST   X+,R30
                 	ST   X,R31
                 	.ENDM
                 
                 	.MACRO __PUTD1SNX
                 	MOVW R26,R28
                 	SUBI R26,LOW(-@0)
                 	SBCI R27,HIGH(-@0)
                 	LD   R0,X+
                 	LD   R27,X
                 	MOV  R26,R0
                 	SUBI R26,LOW(-@1)
                 	SBCI R27,HIGH(-@1)
                 	ST   X+,R30
                 	ST   X+,R31
                 	ST   X+,R22
                 	ST   X,R23
                 	.ENDM
                 
                 	.MACRO __MULBRR
                 	MULS R@0,R@1
                 	MOVW R30,R0
                 	.ENDM
                 
                 	.MACRO __MULBRRU
                 	MUL  R@0,R@1
                 	MOVW R30,R0
                 	.ENDM
                 
                 	.MACRO __MULBRR0
                 	MULS R@0,R@1
                 	.ENDM
                 
                 	.MACRO __MULBRRU0
                 	MUL  R@0,R@1
                 	.ENDM
                 
                 	.MACRO __MULBNWRU
                 	LDI  R26,@2
                 	MUL  R26,R@0
                 	MOVW R30,R0
                 	MUL  R26,R@1
                 	ADD  R31,R0
                 	.ENDM
                 
                 ;NAME DEFINITIONS FOR GLOBAL VARIABLES ALLOCATED TO REGISTERS
                 	.DEF _i=R4
                 	.DEF _i_msb=R5
                 	.DEF _a=R6
                 	.DEF _a_msb=R7
                 	.DEF _b=R8
                 	.DEF _b_msb=R9
                 	.DEF _tx_wr_index=R11
                 	.DEF _tx_rd_index=R10
                 	.DEF _tx_counter=R13
                 	.DEF __lcd_x=R12
                 
                 	.CSEG
                 	.ORG 0x00
                 
                 ;START OF CODE MARKER
                 __START_OF_CODE:
                 
                 ;INTERRUPT VECTORS
000000 940c 004d 	JMP  __RESET
000002 940c 0000 	JMP  0x00
000004 940c 0000 	JMP  0x00
000006 940c 0000 	JMP  0x00
000008 940c 0000 	JMP  0x00
00000a 940c 0000 	JMP  0x00
00000c 940c 0000 	JMP  0x00
00000e 940c 0000 	JMP  0x00
000010 940c 0000 	JMP  0x00
000012 940c 0000 	JMP  0x00
000014 940c 0000 	JMP  0x00
000016 940c 0000 	JMP  0x00
000018 940c 0000 	JMP  0x00
00001a 940c 007a 	JMP  _usart_tx_isr
00001c 940c 0000 	JMP  0x00
00001e 940c 0000 	JMP  0x00
000020 940c 0000 	JMP  0x00
000022 940c 0000 	JMP  0x00
000024 940c 0000 	JMP  0x00
000026 940c 0000 	JMP  0x00
000028 940c 0000 	JMP  0x00
                 
                 _tbl10_G102:
00002a 2710
00002b 03e8
00002c 0064
00002d 000a      	.DB  0x10,0x27,0xE8,0x3,0x64,0x0,0xA,0x0
00002e 0001      	.DB  0x1,0x0
                 _tbl16_G102:
00002f 1000
000030 0100
000031 0010
000032 0001      	.DB  0x0,0x10,0x0,0x1,0x10,0x0,0x1,0x0
                 
                 ;GLOBAL REGISTER VARIABLES INITIALIZATION
                 __REG_VARS:
000033 0000
000034 0000      	.DB  0x0,0x0,0x0,0x0
                 
                 _0x3:
000035 00fe
000036 00fd
000037 00fb
E:\CM2\TX\Debug\List\TX2.asm(1139): warning: .cseg .db misalignment - padding zero byte
000038 00f7      	.DB  0xFE,0x0,0xFD,0x0,0xFB,0x0,0xF7
                 _0x2000003:
000039 c080      	.DB  0x80,0xC0
                 _0x2020060:
E:\CM2\TX\Debug\List\TX2.asm(1143): warning: .cseg .db misalignment - padding zero byte
00003a 0001      	.DB  0x1
                 _0x2020000:
00003b 4e2d
00003c 4e41
00003d 4900
00003e 464e      	.DB  0x2D,0x4E,0x41,0x4E,0x0,0x49,0x4E,0x46
E:\CM2\TX\Debug\List\TX2.asm(1146): warning: .cseg .db misalignment - padding zero byte
00003f 0000      	.DB  0x0
                 
                 __GLOBAL_INI_TBL:
000040 0004      	.DW  0x04
000041 000a      	.DW  0x0A
000042 0066      	.DW  __REG_VARS*2
                 
000043 0007      	.DW  0x07
000044 0160      	.DW  _z
000045 006a      	.DW  _0x3*2
                 
000046 0002      	.DW  0x02
000047 0171      	.DW  __base_y_G100
000048 0072      	.DW  _0x2000003*2
                 
000049 0001      	.DW  0x01
00004a 0177      	.DW  __seed_G101
00004b 0074      	.DW  _0x2020060*2
                 
                 _0xFFFFFFFF:
00004c 0000      	.DW  0
                 
                 #define __GLOBAL_INI_TBL_PRESENT 1
                 
                 __RESET:
00004d 94f8      	CLI
00004e 27ee      	CLR  R30
00004f bbec      	OUT  EECR,R30
                 
                 ;INTERRUPT VECTORS ARE PLACED
                 ;AT THE START OF FLASH
000050 e0f1      	LDI  R31,1
000051 bffb      	OUT  GICR,R31
000052 bfeb      	OUT  GICR,R30
000053 bfe5      	OUT  MCUCR,R30
                 
                 ;CLEAR R2-R14
000054 e08d      	LDI  R24,(14-2)+1
000055 e0a2      	LDI  R26,2
000056 27bb      	CLR  R27
                 __CLEAR_REG:
000057 93ed      	ST   X+,R30
000058 958a      	DEC  R24
000059 f7e9      	BRNE __CLEAR_REG
                 
                 ;CLEAR SRAM
00005a e080      	LDI  R24,LOW(__CLEAR_SRAM_SIZE)
00005b e094      	LDI  R25,HIGH(__CLEAR_SRAM_SIZE)
00005c e6a0      	LDI  R26,__SRAM_START
                 __CLEAR_SRAM:
00005d 93ed      	ST   X+,R30
00005e 9701      	SBIW R24,1
00005f f7e9      	BRNE __CLEAR_SRAM
                 
                 ;GLOBAL VARIABLES INITIALIZATION
000060 e8e0      	LDI  R30,LOW(__GLOBAL_INI_TBL*2)
000061 e0f0      	LDI  R31,HIGH(__GLOBAL_INI_TBL*2)
                 __GLOBAL_INI_NEXT:
000062 9185      	LPM  R24,Z+
000063 9195      	LPM  R25,Z+
000064 9700      	SBIW R24,0
000065 f061      	BREQ __GLOBAL_INI_END
000066 91a5      	LPM  R26,Z+
000067 91b5      	LPM  R27,Z+
000068 9005      	LPM  R0,Z+
000069 9015      	LPM  R1,Z+
00006a 01bf      	MOVW R22,R30
00006b 01f0      	MOVW R30,R0
                 __GLOBAL_INI_LOOP:
00006c 9005      	LPM  R0,Z+
00006d 920d      	ST   X+,R0
00006e 9701      	SBIW R24,1
00006f f7e1      	BRNE __GLOBAL_INI_LOOP
000070 01fb      	MOVW R30,R22
000071 cff0      	RJMP __GLOBAL_INI_NEXT
                 __GLOBAL_INI_END:
                 
                 ;HARDWARE STACK POINTER INITIALIZATION
000072 e5ef      	LDI  R30,LOW(__SRAM_END-__HEAP_SIZE)
000073 bfed      	OUT  SPL,R30
000074 e0e4      	LDI  R30,HIGH(__SRAM_END-__HEAP_SIZE)
000075 bfee      	OUT  SPH,R30
                 
                 ;DATA STACK POINTER INITIALIZATION
000076 e6c0      	LDI  R28,LOW(__SRAM_START+__DSTACK_SIZE)
000077 e0d1      	LDI  R29,HIGH(__SRAM_START+__DSTACK_SIZE)
                 
000078 940c 00ac 	JMP  _main
                 
                 	.ESEG
                 	.ORG 0
                 
                 	.DSEG
                 	.ORG 0x160
                 
                 	.CSEG
                 ;/*******************************************************
                 ;This program was created by the
                 ;CodeWizardAVR V3.12 Advanced
                 ;Automatic Program Generator
                 ;© Copyright 1998-2014 Pavel Haiduc, HP InfoTech s.r.l.
                 ;http://www.hpinfotech.com
                 ;
                 ;Project : TX2
                 ;Version :
                 ;Date    : 06/10/2017
                 ;Author  :
                 ;Company :
                 ;Comments:
                 ;sender
                 ;
                 ;
                 ;Chip type               : ATmega16
                 ;Program type            : Application
                 ;AVR Core Clock frequency: 1.000000 MHz
                 ;Memory model            : Small
                 ;External RAM size       : 0
                 ;Data Stack size         : 256
                 ;*******************************************************/
                 ;
                 ;#include <mega16.h>
                 	#ifndef __SLEEP_DEFINED__
                 	#define __SLEEP_DEFINED__
                 	.EQU __se_bit=0x40
                 	.EQU __sm_mask=0xB0
                 	.EQU __sm_powerdown=0x20
                 	.EQU __sm_powersave=0x30
                 	.EQU __sm_standby=0xA0
                 	.EQU __sm_ext_standby=0xB0
                 	.EQU __sm_adc_noise_red=0x10
                 	.SET power_ctrl_reg=mcucr
                 	#endif
                 ;#include <delay.h>
                 ;#include <alcd.h>
                 ;#include <stdlib.h>
                 ;
                 ;int i,a,b,z[4]={0xfe,0xfd,0xfb,0xf7};
                 
                 	.DSEG
                 ;char s[];
                 ;
                 ;// Declare your global variables here
                 ;
                 ;#define DATA_REGISTER_EMPTY (1<<UDRE)
                 ;#define RX_COMPLETE (1<<RXC)
                 ;#define FRAMING_ERROR (1<<FE)
                 ;#define PARITY_ERROR (1<<UPE)
                 ;#define DATA_OVERRUN (1<<DOR)
                 ;
                 ;// USART Transmitter buffer
                 ;#define TX_BUFFER_SIZE 8
                 ;char tx_buffer[TX_BUFFER_SIZE];
                 ;
                 ;#if TX_BUFFER_SIZE <= 256
                 ;unsigned char tx_wr_index=0,tx_rd_index=0;
                 ;#else
                 ;unsigned int tx_wr_index=0,tx_rd_index=0;
                 ;#endif
                 ;
                 ;#if TX_BUFFER_SIZE < 256
                 ;unsigned char tx_counter=0;
                 ;#else
                 ;unsigned int tx_counter=0;
                 ;#endif
                 ;
                 ;// USART Transmitter interrupt service routine
                 ;interrupt [USART_TXC] void usart_tx_isr(void)
                 ; 0000 003B {
                 
                 	.CSEG
                 _usart_tx_isr:
                 ; .FSTART _usart_tx_isr
00007a 93ea      	ST   -Y,R30
00007b 93fa      	ST   -Y,R31
00007c b7ef      	IN   R30,SREG
00007d 93ea      	ST   -Y,R30
                 ; 0000 003C if (tx_counter)
00007e 20dd      	TST  R13
00007f f061      	BREQ _0x4
                 ; 0000 003D    {
                 ; 0000 003E    --tx_counter;
000080 94da      	DEC  R13
                 ; 0000 003F    UDR=tx_buffer[tx_rd_index++];
000081 2dea      	MOV  R30,R10
000082 94a3      	INC  R10
000083 e0f0      	LDI  R31,0
000084 59e7      	SUBI R30,LOW(-_tx_buffer)
000085 4ffe      	SBCI R31,HIGH(-_tx_buffer)
000086 81e0      	LD   R30,Z
000087 b9ec      	OUT  0xC,R30
                 ; 0000 0040 #if TX_BUFFER_SIZE != 256
                 ; 0000 0041    if (tx_rd_index == TX_BUFFER_SIZE) tx_rd_index=0;
000088 e0e8      	LDI  R30,LOW(8)
000089 15ea      	CP   R30,R10
00008a f409      	BRNE _0x5
00008b 24aa      	CLR  R10
                 ; 0000 0042 #endif
                 ; 0000 0043    }
                 _0x5:
                 ; 0000 0044 }
                 _0x4:
00008c 91e9      	LD   R30,Y+
00008d bfef      	OUT  SREG,R30
00008e 91f9      	LD   R31,Y+
00008f 91e9      	LD   R30,Y+
000090 9518      	RETI
                 ; .FEND
                 ;
                 ;#ifndef _DEBUG_TERMINAL_IO_
                 ;// Write a character to the USART Transmitter buffer
                 ;#define _ALTERNATE_PUTCHAR_
                 ;#pragma used+
                 ;void putchar(char c)
                 ; 0000 004B {
                 _putchar:
                 ; .FSTART _putchar
                 ; 0000 004C while (tx_counter == TX_BUFFER_SIZE);
000091 93aa      	ST   -Y,R26
                 ;	c -> Y+0
                 _0x6:
000092 e0e8      	LDI  R30,LOW(8)
000093 15ed      	CP   R30,R13
000094 f3e9      	BREQ _0x6
                 ; 0000 004D #asm("cli")
000095 94f8      	cli
                 ; 0000 004E if (tx_counter || ((UCSRA & DATA_REGISTER_EMPTY)==0))
000096 20dd      	TST  R13
000097 f411      	BRNE _0xA
000098 995d      	SBIC 0xB,5
000099 c00d      	RJMP _0x9
                 _0xA:
                 ; 0000 004F    {
                 ; 0000 0050    tx_buffer[tx_wr_index++]=c;
00009a 2deb      	MOV  R30,R11
00009b 94b3      	INC  R11
00009c e0f0      	LDI  R31,0
00009d 59e7      	SUBI R30,LOW(-_tx_buffer)
00009e 4ffe      	SBCI R31,HIGH(-_tx_buffer)
00009f 81a8      	LD   R26,Y
0000a0 83a0      	STD  Z+0,R26
                 ; 0000 0051 #if TX_BUFFER_SIZE != 256
                 ; 0000 0052    if (tx_wr_index == TX_BUFFER_SIZE) tx_wr_index=0;
0000a1 e0e8      	LDI  R30,LOW(8)
0000a2 15eb      	CP   R30,R11
0000a3 f409      	BRNE _0xC
0000a4 24bb      	CLR  R11
                 ; 0000 0053 #endif
                 ; 0000 0054    ++tx_counter;
                 _0xC:
0000a5 94d3      	INC  R13
                 ; 0000 0055    }
                 ; 0000 0056 else
0000a6 c002      	RJMP _0xD
                 _0x9:
                 ; 0000 0057    UDR=c;
0000a7 81e8      	LD   R30,Y
0000a8 b9ec      	OUT  0xC,R30
                 ; 0000 0058 #asm("sei")
                 _0xD:
0000a9 9478      	sei
                 ; 0000 0059 }
0000aa 940c 01ea 	JMP  _0x20C0001
                 ; .FEND
                 ;#pragma used-
                 ;#endif
                 ;
                 ;// Standard Input/Output functions
                 ;#include <stdio.h>
                 ;
                 ;void main(void)
                 ; 0000 0061 {
                 _main:
                 ; .FSTART _main
                 ; 0000 0062 // Declare your local variables here
                 ; 0000 0063 
                 ; 0000 0064 // Input/Output Ports initialization
                 ; 0000 0065 // Port A initialization
                 ; 0000 0066 // Function: Bit7=In Bit6=In Bit5=In Bit4=In Bit3=In Bit2=In Bit1=In Bit0=In
                 ; 0000 0067 DDRA=(0<<DDA7) | (0<<DDA6) | (0<<DDA5) | (0<<DDA4) | (0<<DDA3) | (0<<DDA2) | (0<<DDA1) | (0<<DDA0);
0000ac e0e0      	LDI  R30,LOW(0)
0000ad bbea      	OUT  0x1A,R30
                 ; 0000 0068 // State: Bit7=T Bit6=T Bit5=T Bit4=T Bit3=T Bit2=T Bit1=T Bit0=T
                 ; 0000 0069 PORTA=(0<<PORTA7) | (0<<PORTA6) | (0<<PORTA5) | (0<<PORTA4) | (0<<PORTA3) | (0<<PORTA2) | (0<<PORTA1) | (0<<PORTA0);
0000ae bbeb      	OUT  0x1B,R30
                 ; 0000 006A 
                 ; 0000 006B // Port B initialization
                 ; 0000 006C // Function: Bit7=In Bit6=In Bit5=In Bit4=In Bit3=In Bit2=In Bit1=In Bit0=In
                 ; 0000 006D DDRB=(0<<DDB7) | (0<<DDB6) | (0<<DDB5) | (0<<DDB4) | (0<<DDB3) | (0<<DDB2) | (0<<DDB1) | (0<<DDB0);
0000af bbe7      	OUT  0x17,R30
                 ; 0000 006E // State: Bit7=T Bit6=T Bit5=T Bit4=T Bit3=T Bit2=T Bit1=T Bit0=T
                 ; 0000 006F PORTB=(0<<PORTB7) | (0<<PORTB6) | (0<<PORTB5) | (0<<PORTB4) | (0<<PORTB3) | (0<<PORTB2) | (0<<PORTB1) | (0<<PORTB0);
0000b0 bbe8      	OUT  0x18,R30
                 ; 0000 0070 
                 ; 0000 0071 // Port C initialization
                 ; 0000 0072 // Function: Bit7=In Bit6=In Bit5=In Bit4=In Bit3=In Bit2=In Bit1=In Bit0=In
                 ; 0000 0073 DDRC=(0<<DDC7) | (0<<DDC6) | (0<<DDC5) | (0<<DDC4) | (0<<DDC3) | (0<<DDC2) | (0<<DDC1) | (0<<DDC0);
0000b1 bbe4      	OUT  0x14,R30
                 ; 0000 0074 // State: Bit7=T Bit6=T Bit5=T Bit4=T Bit3=T Bit2=T Bit1=T Bit0=T
                 ; 0000 0075 PORTC=(0<<PORTC7) | (0<<PORTC6) | (0<<PORTC5) | (0<<PORTC4) | (0<<PORTC3) | (0<<PORTC2) | (0<<PORTC1) | (0<<PORTC0);
0000b2 bbe5      	OUT  0x15,R30
                 ; 0000 0076 
                 ; 0000 0077 // Port D initialization
                 ; 0000 0078 // Function: Bit7=In Bit6=In Bit5=In Bit4=In Bit3=In Bit2=In Bit1=In Bit0=In
                 ; 0000 0079 DDRD=(0<<DDD7) | (0<<DDD6) | (0<<DDD5) | (0<<DDD4) | (0<<DDD3) | (0<<DDD2) | (0<<DDD1) | (0<<DDD0);
0000b3 bbe1      	OUT  0x11,R30
                 ; 0000 007A // State: Bit7=T Bit6=T Bit5=T Bit4=T Bit3=T Bit2=T Bit1=T Bit0=T
                 ; 0000 007B PORTD=(0<<PORTD7) | (0<<PORTD6) | (0<<PORTD5) | (0<<PORTD4) | (0<<PORTD3) | (0<<PORTD2) | (0<<PORTD1) | (0<<PORTD0);
0000b4 bbe2      	OUT  0x12,R30
                 ; 0000 007C 
                 ; 0000 007D // Timer/Counter 0 initialization
                 ; 0000 007E // Clock source: System Clock
                 ; 0000 007F // Clock value: Timer 0 Stopped
                 ; 0000 0080 // Mode: Normal top=0xFF
                 ; 0000 0081 // OC0 output: Disconnected
                 ; 0000 0082 TCCR0=(0<<WGM00) | (0<<COM01) | (0<<COM00) | (0<<WGM01) | (0<<CS02) | (0<<CS01) | (0<<CS00);
0000b5 bfe3      	OUT  0x33,R30
                 ; 0000 0083 TCNT0=0x00;
0000b6 bfe2      	OUT  0x32,R30
                 ; 0000 0084 OCR0=0x00;
0000b7 bfec      	OUT  0x3C,R30
                 ; 0000 0085 
                 ; 0000 0086 // Timer/Counter 1 initialization
                 ; 0000 0087 // Clock source: System Clock
                 ; 0000 0088 // Clock value: Timer1 Stopped
                 ; 0000 0089 // Mode: Normal top=0xFFFF
                 ; 0000 008A // OC1A output: Disconnected
                 ; 0000 008B // OC1B output: Disconnected
                 ; 0000 008C // Noise Canceler: Off
                 ; 0000 008D // Input Capture on Falling Edge
                 ; 0000 008E // Timer1 Overflow Interrupt: Off
                 ; 0000 008F // Input Capture Interrupt: Off
                 ; 0000 0090 // Compare A Match Interrupt: Off
                 ; 0000 0091 // Compare B Match Interrupt: Off
                 ; 0000 0092 TCCR1A=(0<<COM1A1) | (0<<COM1A0) | (0<<COM1B1) | (0<<COM1B0) | (0<<WGM11) | (0<<WGM10);
0000b8 bdef      	OUT  0x2F,R30
                 ; 0000 0093 TCCR1B=(0<<ICNC1) | (0<<ICES1) | (0<<WGM13) | (0<<WGM12) | (0<<CS12) | (0<<CS11) | (0<<CS10);
0000b9 bdee      	OUT  0x2E,R30
                 ; 0000 0094 TCNT1H=0x00;
0000ba bded      	OUT  0x2D,R30
                 ; 0000 0095 TCNT1L=0x00;
0000bb bdec      	OUT  0x2C,R30
                 ; 0000 0096 ICR1H=0x00;
0000bc bde7      	OUT  0x27,R30
                 ; 0000 0097 ICR1L=0x00;
0000bd bde6      	OUT  0x26,R30
                 ; 0000 0098 OCR1AH=0x00;
0000be bdeb      	OUT  0x2B,R30
                 ; 0000 0099 OCR1AL=0x00;
0000bf bdea      	OUT  0x2A,R30
                 ; 0000 009A OCR1BH=0x00;
0000c0 bde9      	OUT  0x29,R30
                 ; 0000 009B OCR1BL=0x00;
0000c1 bde8      	OUT  0x28,R30
                 ; 0000 009C 
                 ; 0000 009D // Timer/Counter 2 initialization
                 ; 0000 009E // Clock source: System Clock
                 ; 0000 009F // Clock value: Timer2 Stopped
                 ; 0000 00A0 // Mode: Normal top=0xFF
                 ; 0000 00A1 // OC2 output: Disconnected
                 ; 0000 00A2 ASSR=0<<AS2;
0000c2 bde2      	OUT  0x22,R30
                 ; 0000 00A3 TCCR2=(0<<PWM2) | (0<<COM21) | (0<<COM20) | (0<<CTC2) | (0<<CS22) | (0<<CS21) | (0<<CS20);
0000c3 bde5      	OUT  0x25,R30
                 ; 0000 00A4 TCNT2=0x00;
0000c4 bde4      	OUT  0x24,R30
                 ; 0000 00A5 OCR2=0x00;
0000c5 bde3      	OUT  0x23,R30
                 ; 0000 00A6 
                 ; 0000 00A7 // Timer(s)/Counter(s) Interrupt(s) initialization
                 ; 0000 00A8 TIMSK=(0<<OCIE2) | (0<<TOIE2) | (0<<TICIE1) | (0<<OCIE1A) | (0<<OCIE1B) | (0<<TOIE1) | (0<<OCIE0) | (0<<TOIE0);
0000c6 bfe9      	OUT  0x39,R30
                 ; 0000 00A9 
                 ; 0000 00AA // External Interrupt(s) initialization
                 ; 0000 00AB // INT0: Off
                 ; 0000 00AC // INT1: Off
                 ; 0000 00AD // INT2: Off
                 ; 0000 00AE MCUCR=(0<<ISC11) | (0<<ISC10) | (0<<ISC01) | (0<<ISC00);
0000c7 bfe5      	OUT  0x35,R30
                 ; 0000 00AF MCUCSR=(0<<ISC2);
0000c8 bfe4      	OUT  0x34,R30
                 ; 0000 00B0 
                 ; 0000 00B1 // USART initialization
                 ; 0000 00B2 // Communication Parameters: 8 Data, 1 Stop, No Parity
                 ; 0000 00B3 // USART Receiver: Off
                 ; 0000 00B4 // USART Transmitter: On
                 ; 0000 00B5 // USART Mode: Asynchronous
                 ; 0000 00B6 // USART Baud Rate: 4800
                 ; 0000 00B7 UCSRA=(0<<RXC) | (0<<TXC) | (0<<UDRE) | (0<<FE) | (0<<DOR) | (0<<UPE) | (0<<U2X) | (0<<MPCM);
0000c9 b9eb      	OUT  0xB,R30
                 ; 0000 00B8 UCSRB=(0<<RXCIE) | (1<<TXCIE) | (0<<UDRIE) | (0<<RXEN) | (1<<TXEN) | (0<<UCSZ2) | (0<<RXB8) | (0<<TXB8);
0000ca e4e8      	LDI  R30,LOW(72)
0000cb b9ea      	OUT  0xA,R30
                 ; 0000 00B9 UCSRC=(1<<URSEL) | (0<<UMSEL) | (0<<UPM1) | (0<<UPM0) | (0<<USBS) | (1<<UCSZ1) | (1<<UCSZ0) | (0<<UCPOL);
0000cc e8e6      	LDI  R30,LOW(134)
0000cd bde0      	OUT  0x20,R30
                 ; 0000 00BA UBRRH=0x00;
0000ce e0e0      	LDI  R30,LOW(0)
0000cf bde0      	OUT  0x20,R30
                 ; 0000 00BB UBRRL=0x0C;
0000d0 e0ec      	LDI  R30,LOW(12)
0000d1 b9e9      	OUT  0x9,R30
                 ; 0000 00BC 
                 ; 0000 00BD // Analog Comparator initialization
                 ; 0000 00BE // Analog Comparator: Off
                 ; 0000 00BF // The Analog Comparator's positive input is
                 ; 0000 00C0 // connected to the AIN0 pin
                 ; 0000 00C1 // The Analog Comparator's negative input is
                 ; 0000 00C2 // connected to the AIN1 pin
                 ; 0000 00C3 ACSR=(1<<ACD) | (0<<ACBG) | (0<<ACO) | (0<<ACI) | (0<<ACIE) | (0<<ACIC) | (0<<ACIS1) | (0<<ACIS0);
0000d2 e8e0      	LDI  R30,LOW(128)
0000d3 b9e8      	OUT  0x8,R30
                 ; 0000 00C4 SFIOR=(0<<ACME);
0000d4 e0e0      	LDI  R30,LOW(0)
0000d5 bfe0      	OUT  0x30,R30
                 ; 0000 00C5 
                 ; 0000 00C6 // ADC initialization
                 ; 0000 00C7 // ADC disabled
                 ; 0000 00C8 ADCSRA=(0<<ADEN) | (0<<ADSC) | (0<<ADATE) | (0<<ADIF) | (0<<ADIE) | (0<<ADPS2) | (0<<ADPS1) | (0<<ADPS0);
0000d6 b9e6      	OUT  0x6,R30
                 ; 0000 00C9 
                 ; 0000 00CA // SPI initialization
                 ; 0000 00CB // SPI disabled
                 ; 0000 00CC SPCR=(0<<SPIE) | (0<<SPE) | (0<<DORD) | (0<<MSTR) | (0<<CPOL) | (0<<CPHA) | (0<<SPR1) | (0<<SPR0);
0000d7 b9ed      	OUT  0xD,R30
                 ; 0000 00CD 
                 ; 0000 00CE // TWI initialization
                 ; 0000 00CF // TWI disabled
                 ; 0000 00D0 TWCR=(0<<TWEA) | (0<<TWSTA) | (0<<TWSTO) | (0<<TWEN) | (0<<TWIE);
0000d8 bfe6      	OUT  0x36,R30
                 ; 0000 00D1 
                 ; 0000 00D2 // Alphanumeric LCD initialization
                 ; 0000 00D3 // Connections are specified in the
                 ; 0000 00D4 // Project|Configure|C Compiler|Libraries|Alphanumeric LCD menu:
                 ; 0000 00D5 // RS - PORTB Bit 0
                 ; 0000 00D6 // RD - PORTB Bit 1
                 ; 0000 00D7 // EN - PORTB Bit 2
                 ; 0000 00D8 // D4 - PORTB Bit 4
                 ; 0000 00D9 // D5 - PORTB Bit 5
                 ; 0000 00DA // D6 - PORTB Bit 6
                 ; 0000 00DB // D7 - PORTB Bit 7
                 ; 0000 00DC // Characters/line: 16
                 ; 0000 00DD lcd_init(16);
0000d9 e1a0      	LDI  R26,LOW(16)
0000da d0e3      	RCALL _lcd_init
                 ; 0000 00DE 
                 ; 0000 00DF // Global enable interrupts
                 ; 0000 00E0 #asm("sei")
0000db 9478      	sei
                 ; 0000 00E1 DDRA=0x0f;
0000dc e0ef      	LDI  R30,LOW(15)
0000dd bbea      	OUT  0x1A,R30
                 ; 0000 00E2 PORTA=0xf0;
0000de efe0      	LDI  R30,LOW(240)
0000df bbeb      	OUT  0x1B,R30
                 ; 0000 00E3 
                 ; 0000 00E4 while (1)
                 _0xE:
                 ; 0000 00E5       {
                 ; 0000 00E6 
                 ; 0000 00E7       for(i=0;i<4;i++)
0000e0 2444      	CLR  R4
0000e1 2455      	CLR  R5
                 _0x12:
0000e2 e0e4      	LDI  R30,LOW(4)
0000e3 e0f0      	LDI  R31,HIGH(4)
0000e4 164e      	CP   R4,R30
0000e5 065f      	CPC  R5,R31
0000e6 f00c      	BRLT PC+2
0000e7 c06d      	RJMP _0x13
                 ; 0000 00E8       {
                 ; 0000 00E9 
                 ; 0000 00EA       PORTA=z[i];
0000e8 01f2      	MOVW R30,R4
0000e9 e6a0      	LDI  R26,LOW(_z)
0000ea e0b1      	LDI  R27,HIGH(_z)
0000eb 0fee      	LSL  R30
0000ec 1fff      	ROL  R31
0000ed 0fae      	ADD  R26,R30
0000ee 1fbf      	ADC  R27,R31
0000ef 91ec      	LD   R30,X
0000f0 bbeb      	OUT  0x1B,R30
                 ; 0000 00EB       b=PINA-DDRA;
0000f1 b3e9      	IN   R30,0x19
0000f2 e0f0      	LDI  R31,0
0000f3 01df      	MOVW R26,R30
0000f4 b3ea      	IN   R30,0x1A
0000f5 e0f0      	LDI  R31,0
0000f6 1bae      	SUB  R26,R30
0000f7 0bbf      	SBC  R27,R31
0000f8 014d      	MOVW R8,R26
                 ; 0000 00EC 
                 ; 0000 00ED       switch (b){
0000f9 01f4      	MOVW R30,R8
                 ; 0000 00EE 
                 ; 0000 00EF       case 207:
0000fa 3cef      	CPI  R30,LOW(0xCF)
0000fb e0a0      	LDI  R26,HIGH(0xCF)
0000fc 07fa      	CPC  R31,R26
0000fd f429      	BRNE _0x17
                 ; 0000 00F0       a=1;
0000fe e0e1      	LDI  R30,LOW(1)
0000ff e0f0      	LDI  R31,HIGH(1)
000100 940e 021a 	CALL SUBOPT_0x0
                 ; 0000 00F1       putchar(a);
                 ; 0000 00F2       delay_ms(30);
                 ; 0000 00F3       break;
000102 c044      	RJMP _0x16
                 ; 0000 00F4 
                 ; 0000 00F5       case 204:
                 _0x17:
000103 3cec      	CPI  R30,LOW(0xCC)
000104 e0a0      	LDI  R26,HIGH(0xCC)
000105 07fa      	CPC  R31,R26
000106 f429      	BRNE _0x18
                 ; 0000 00F6       a=2;
000107 e0e2      	LDI  R30,LOW(2)
000108 e0f0      	LDI  R31,HIGH(2)
000109 940e 021a 	CALL SUBOPT_0x0
                 ; 0000 00F7       putchar(a);
                 ; 0000 00F8       delay_ms(30);
                 ; 0000 00F9       break;
00010b c03b      	RJMP _0x16
                 ; 0000 00FA 
                 ; 0000 00FB       case 174:
                 _0x18:
00010c 3aee      	CPI  R30,LOW(0xAE)
00010d e0a0      	LDI  R26,HIGH(0xAE)
00010e 07fa      	CPC  R31,R26
00010f f429      	BRNE _0x19
                 ; 0000 00FC       a=3;
000110 e0e3      	LDI  R30,LOW(3)
000111 e0f0      	LDI  R31,HIGH(3)
000112 940e 021a 	CALL SUBOPT_0x0
                 ; 0000 00FD       putchar(a);
                 ; 0000 00FE       delay_ms(30);
                 ; 0000 00FF       break;
000114 c032      	RJMP _0x16
                 ; 0000 0100 
                 ; 0000 0101       case 222:
                 _0x19:
000115 3dee      	CPI  R30,LOW(0xDE)
000116 e0a0      	LDI  R26,HIGH(0xDE)
000117 07fa      	CPC  R31,R26
000118 f429      	BRNE _0x1A
                 ; 0000 0102       a=4;
000119 e0e4      	LDI  R30,LOW(4)
00011a e0f0      	LDI  R31,HIGH(4)
00011b 940e 021a 	CALL SUBOPT_0x0
                 ; 0000 0103       putchar(a);
                 ; 0000 0104       delay_ms(30);                  //0xfe,0xfd,0xfb,0xf7
                 ; 0000 0105       break;
00011d c029      	RJMP _0x16
                 ; 0000 0106 
                 ; 0000 0107       case 175:
                 _0x1A:
00011e 3aef      	CPI  R30,LOW(0xAF)
00011f e0a0      	LDI  R26,HIGH(0xAF)
000120 07fa      	CPC  R31,R26
000121 f429      	BRNE _0x1B
                 ; 0000 0108       a=5;
000122 e0e5      	LDI  R30,LOW(5)
000123 e0f0      	LDI  R31,HIGH(5)
000124 940e 021a 	CALL SUBOPT_0x0
                 ; 0000 0109       putchar(a);
                 ; 0000 010A       delay_ms(30);
                 ; 0000 010B       break;
000126 c020      	RJMP _0x16
                 ; 0000 010C 
                 ; 0000 010D       case 223:
                 _0x1B:
000127 3def      	CPI  R30,LOW(0xDF)
000128 e0a0      	LDI  R26,HIGH(0xDF)
000129 07fa      	CPC  R31,R26
00012a f429      	BRNE _0x1C
                 ; 0000 010E       a=6;
00012b e0e6      	LDI  R30,LOW(6)
00012c e0f0      	LDI  R31,HIGH(6)
00012d 940e 021a 	CALL SUBOPT_0x0
                 ; 0000 010F       putchar(a);
                 ; 0000 0110       delay_ms(30);
                 ; 0000 0111       break;
00012f c017      	RJMP _0x16
                 ; 0000 0112 
                 ; 0000 0113       case 172:
                 _0x1C:
000130 3aec      	CPI  R30,LOW(0xAC)
000131 e0a0      	LDI  R26,HIGH(0xAC)
000132 07fa      	CPC  R31,R26
000133 f429      	BRNE _0x1D
                 ; 0000 0114       a=7;
000134 e0e7      	LDI  R30,LOW(7)
000135 e0f0      	LDI  R31,HIGH(7)
000136 940e 021a 	CALL SUBOPT_0x0
                 ; 0000 0115       putchar(a);
                 ; 0000 0116       delay_ms(30);
                 ; 0000 0117       break;
000138 c00e      	RJMP _0x16
                 ; 0000 0118 
                 ; 0000 0119       case 220:
                 _0x1D:
000139 3dec      	CPI  R30,LOW(0xDC)
00013a e0a0      	LDI  R26,HIGH(0xDC)
00013b 07fa      	CPC  R31,R26
00013c f429      	BRNE _0x1F
                 ; 0000 011A       a=8;
00013d e0e8      	LDI  R30,LOW(8)
00013e e0f0      	LDI  R31,HIGH(8)
00013f 940e 021a 	CALL SUBOPT_0x0
                 ; 0000 011B       putchar(a);
                 ; 0000 011C       delay_ms(30);
                 ; 0000 011D       break;
000141 c005      	RJMP _0x16
                 ; 0000 011E 
                 ; 0000 011F       default:
                 _0x1F:
                 ; 0000 0120       a=9;
000142 e0e9      	LDI  R30,LOW(9)
000143 e0f0      	LDI  R31,HIGH(9)
000144 013f      	MOVW R6,R30
                 ; 0000 0121       putchar(a);
000145 2da6      	MOV  R26,R6
000146 df4a      	RCALL _putchar
                 ; 0000 0122 
                 ; 0000 0123       }
                 _0x16:
                 ; 0000 0124 
                 ; 0000 0125       lcd_clear();
000147 d03e      	RCALL _lcd_clear
                 ; 0000 0126       itoa(a,s);
000148 927a      	ST   -Y,R7
000149 926a      	ST   -Y,R6
00014a e6a8      	LDI  R26,LOW(_s)
00014b e0b1      	LDI  R27,HIGH(_s)
00014c 940e 01ec 	CALL _itoa
                 ; 0000 0127       lcd_puts(s);
00014e e6a8      	LDI  R26,LOW(_s)
00014f e0b1      	LDI  R27,HIGH(_s)
000150 d05c      	RCALL _lcd_puts
                 ; 0000 0128 
                 ; 0000 0129       }
000151 01f2      	MOVW R30,R4
000152 9631      	ADIW R30,1
000153 012f      	MOVW R4,R30
000154 cf8d      	RJMP _0x12
                 _0x13:
                 ; 0000 012A       }
000155 cf8a      	RJMP _0xE
                 ; 0000 012B }
                 _0x20:
000156 cfff      	RJMP _0x20
                 ; .FEND
                 	#ifndef __SLEEP_DEFINED__
                 	#endif
                 
                 	.DSEG
                 
                 	.CSEG
                 __lcd_write_nibble_G100:
                 ; .FSTART __lcd_write_nibble_G100
000157 93aa      	ST   -Y,R26
000158 b3e8      	IN   R30,0x18
000159 70ef      	ANDI R30,LOW(0xF)
00015a 2fae      	MOV  R26,R30
00015b 81e8      	LD   R30,Y
00015c 7fe0      	ANDI R30,LOW(0xF0)
00015d 2bea      	OR   R30,R26
00015e bbe8      	OUT  0x18,R30
                +
00015f e082     +LDI R24 , LOW ( 2 )
                +__DELAY_USB_LOOP :
000160 958a     +DEC R24
000161 f7f1     +BRNE __DELAY_USB_LOOP
                 	__DELAY_USB 2
000162 9ac2      	SBI  0x18,2
                +
000163 e082     +LDI R24 , LOW ( 2 )
                +__DELAY_USB_LOOP :
000164 958a     +DEC R24
000165 f7f1     +BRNE __DELAY_USB_LOOP
                 	__DELAY_USB 2
000166 98c2      	CBI  0x18,2
                +
000167 e082     +LDI R24 , LOW ( 2 )
                +__DELAY_USB_LOOP :
000168 958a     +DEC R24
000169 f7f1     +BRNE __DELAY_USB_LOOP
                 	__DELAY_USB 2
00016a c07f      	RJMP _0x20C0001
                 ; .FEND
                 __lcd_write_data:
                 ; .FSTART __lcd_write_data
00016b 93aa      	ST   -Y,R26
00016c 81a8      	LD   R26,Y
00016d dfe9      	RCALL __lcd_write_nibble_G100
00016e 81e8          ld    r30,y
00016f 95e2          swap  r30
000170 83e8          st    y,r30
000171 81a8      	LD   R26,Y
000172 dfe4      	RCALL __lcd_write_nibble_G100
                +
000173 e181     +LDI R24 , LOW ( 17 )
                +__DELAY_USB_LOOP :
000174 958a     +DEC R24
000175 f7f1     +BRNE __DELAY_USB_LOOP
                 	__DELAY_USB 17
000176 c073      	RJMP _0x20C0001
                 ; .FEND
                 _lcd_gotoxy:
                 ; .FSTART _lcd_gotoxy
000177 93aa      	ST   -Y,R26
000178 81e8      	LD   R30,Y
000179 e0f0      	LDI  R31,0
00017a 58ef      	SUBI R30,LOW(-__base_y_G100)
00017b 4ffe      	SBCI R31,HIGH(-__base_y_G100)
00017c 81e0      	LD   R30,Z
00017d 81a9      	LDD  R26,Y+1
00017e 0fae      	ADD  R26,R30
00017f dfeb      	RCALL __lcd_write_data
000180 80c9      	LDD  R12,Y+1
000181 81e8      	LD   R30,Y
000182 93e0 0175 	STS  __lcd_y,R30
000184 9622      	ADIW R28,2
000185 9508      	RET
                 ; .FEND
                 _lcd_clear:
                 ; .FSTART _lcd_clear
000186 e0a2      	LDI  R26,LOW(2)
000187 940e 0222 	CALL SUBOPT_0x1
000189 e0ac      	LDI  R26,LOW(12)
00018a dfe0      	RCALL __lcd_write_data
00018b e0a1      	LDI  R26,LOW(1)
00018c 940e 0222 	CALL SUBOPT_0x1
00018e e0e0      	LDI  R30,LOW(0)
00018f 93e0 0175 	STS  __lcd_y,R30
000191 2ece      	MOV  R12,R30
000192 9508      	RET
                 ; .FEND
                 _lcd_putchar:
                 ; .FSTART _lcd_putchar
000193 93aa      	ST   -Y,R26
000194 81a8      	LD   R26,Y
000195 30aa      	CPI  R26,LOW(0xA)
000196 f021      	BREQ _0x2000005
000197 91e0 0176 	LDS  R30,__lcd_maxx
000199 16ce      	CP   R12,R30
00019a f060      	BRLO _0x2000004
                 _0x2000005:
00019b e0e0      	LDI  R30,LOW(0)
00019c 93ea      	ST   -Y,R30
00019d 91a0 0175 	LDS  R26,__lcd_y
00019f 5faf      	SUBI R26,-LOW(1)
0001a0 93a0 0175 	STS  __lcd_y,R26
0001a2 dfd4      	RCALL _lcd_gotoxy
0001a3 81a8      	LD   R26,Y
0001a4 30aa      	CPI  R26,LOW(0xA)
0001a5 f409      	BRNE _0x2000007
0001a6 c043      	RJMP _0x20C0001
                 _0x2000007:
                 _0x2000004:
0001a7 94c3      	INC  R12
0001a8 9ac0      	SBI  0x18,0
0001a9 81a8      	LD   R26,Y
0001aa dfc0      	RCALL __lcd_write_data
0001ab 98c0      	CBI  0x18,0
0001ac c03d      	RJMP _0x20C0001
                 ; .FEND
                 _lcd_puts:
                 ; .FSTART _lcd_puts
0001ad 93ba      	ST   -Y,R27
0001ae 93aa      	ST   -Y,R26
0001af 931a      	ST   -Y,R17
                 _0x2000008:
0001b0 81a9      	LDD  R26,Y+1
0001b1 81ba      	LDD  R27,Y+1+1
0001b2 91ed      	LD   R30,X+
0001b3 83a9      	STD  Y+1,R26
0001b4 83ba      	STD  Y+1+1,R27
0001b5 2f1e      	MOV  R17,R30
0001b6 30e0      	CPI  R30,0
0001b7 f019      	BREQ _0x200000A
0001b8 2fa1      	MOV  R26,R17
0001b9 dfd9      	RCALL _lcd_putchar
0001ba cff5      	RJMP _0x2000008
                 _0x200000A:
0001bb 8118      	LDD  R17,Y+0
0001bc 9623      	ADIW R28,3
0001bd 9508      	RET
                 ; .FEND
                 _lcd_init:
                 ; .FSTART _lcd_init
0001be 93aa      	ST   -Y,R26
0001bf b3e7      	IN   R30,0x17
0001c0 6fe0      	ORI  R30,LOW(0xF0)
0001c1 bbe7      	OUT  0x17,R30
0001c2 9aba      	SBI  0x17,2
0001c3 9ab8      	SBI  0x17,0
0001c4 9ab9      	SBI  0x17,1
0001c5 98c2      	CBI  0x18,2
0001c6 98c0      	CBI  0x18,0
0001c7 98c1      	CBI  0x18,1
0001c8 81e8      	LD   R30,Y
0001c9 93e0 0176 	STS  __lcd_maxx,R30
0001cb 58e0      	SUBI R30,-LOW(128)
                +
0001cc 93e0 0173+STS __base_y_G100 + ( 2 ) , R30
                 	__PUTB1MN __base_y_G100,2
0001ce 81e8      	LD   R30,Y
0001cf 54e0      	SUBI R30,-LOW(192)
                +
0001d0 93e0 0174+STS __base_y_G100 + ( 3 ) , R30
                 	__PUTB1MN __base_y_G100,3
0001d2 e1a4      	LDI  R26,LOW(20)
0001d3 e0b0      	LDI  R27,0
0001d4 940e 022f 	CALL _delay_ms
0001d6 940e 0228 	CALL SUBOPT_0x2
0001d8 940e 0228 	CALL SUBOPT_0x2
0001da 940e 0228 	CALL SUBOPT_0x2
0001dc e2a0      	LDI  R26,LOW(32)
0001dd df79      	RCALL __lcd_write_nibble_G100
                +
0001de e281     +LDI R24 , LOW ( 33 )
                +__DELAY_USB_LOOP :
0001df 958a     +DEC R24
0001e0 f7f1     +BRNE __DELAY_USB_LOOP
                 	__DELAY_USB 33
0001e1 e2a8      	LDI  R26,LOW(40)
0001e2 df88      	RCALL __lcd_write_data
0001e3 e0a4      	LDI  R26,LOW(4)
0001e4 df86      	RCALL __lcd_write_data
0001e5 e8a5      	LDI  R26,LOW(133)
0001e6 df84      	RCALL __lcd_write_data
0001e7 e0a6      	LDI  R26,LOW(6)
0001e8 df82      	RCALL __lcd_write_data
0001e9 df9c      	RCALL _lcd_clear
                 _0x20C0001:
0001ea 9621      	ADIW R28,1
0001eb 9508      	RET
                 ; .FEND
                 
                 	.CSEG
                 _itoa:
                 ; .FSTART _itoa
0001ec 93ba      	ST   -Y,R27
0001ed 93aa      	ST   -Y,R26
0001ee 91a9          ld   r26,y+
0001ef 91b9          ld   r27,y+
0001f0 91e9          ld   r30,y+
0001f1 91f9          ld   r31,y+
0001f2 9630          adiw r30,0
0001f3 f42a          brpl __itoa0
0001f4 95e0          com  r30
0001f5 95f0          com  r31
0001f6 9631          adiw r30,1
0001f7 e26d          ldi  r22,'-'
0001f8 936d          st   x+,r22
                 __itoa0:
0001f9 94e8          clt
0001fa e180          ldi  r24,low(10000)
0001fb e297          ldi  r25,high(10000)
0001fc d00d          rcall __itoa1
0001fd ee88          ldi  r24,low(1000)
0001fe e093          ldi  r25,high(1000)
0001ff d00a          rcall __itoa1
000200 e684          ldi  r24,100
000201 2799          clr  r25
000202 d007          rcall __itoa1
000203 e08a          ldi  r24,10
000204 d005          rcall __itoa1
000205 2f6e          mov  r22,r30
000206 d010          rcall __itoa5
000207 2766          clr  r22
000208 936c          st   x,r22
000209 9508          ret
                 
                 __itoa1:
00020a 2766          clr	 r22
                 __itoa2:
00020b 17e8          cp   r30,r24
00020c 07f9          cpc  r31,r25
00020d f020          brlo __itoa3
00020e 9563          inc  r22
00020f 1be8          sub  r30,r24
000210 0bf9          sbc  r31,r25
000211 f7c9          brne __itoa2
                 __itoa3:
000212 2366          tst  r22
000213 f411          brne __itoa4
000214 f016          brts __itoa5
000215 9508          ret
                 __itoa4:
000216 9468          set
                 __itoa5:
000217 5d60          subi r22,-0x30
000218 936d          st   x+,r22
000219 9508          ret
                 ; .FEND
                 
                 	.DSEG
                 
                 	.CSEG
                 	#ifndef __SLEEP_DEFINED__
                 	#endif
                 
                 	.CSEG
                 
                 	.CSEG
                 
                 	.CSEG
                 
                 	.CSEG
                 
                 	.DSEG
                 _z:
000160           	.BYTE 0x8
                 _s:
000168           	.BYTE 0x1
                 _tx_buffer:
000169           	.BYTE 0x8
                 __base_y_G100:
000171           	.BYTE 0x4
                 __lcd_y:
000175           	.BYTE 0x1
                 __lcd_maxx:
000176           	.BYTE 0x1
                 __seed_G101:
000177           	.BYTE 0x4
                 
                 	.CSEG
                 ;OPTIMIZER ADDED SUBROUTINE, CALLED 8 TIMES, CODE SIZE REDUCTION:39 WORDS
                 SUBOPT_0x0:
00021a 013f      	MOVW R6,R30
00021b 2da6      	MOV  R26,R6
00021c 940e 0091 	CALL _putchar
00021e e1ae      	LDI  R26,LOW(30)
00021f e0b0      	LDI  R27,0
000220 940c 022f 	JMP  _delay_ms
                 
                 ;OPTIMIZER ADDED SUBROUTINE, CALLED 2 TIMES, CODE SIZE REDUCTION:1 WORDS
                 SUBOPT_0x1:
000222 940e 016b 	CALL __lcd_write_data
000224 e0a3      	LDI  R26,LOW(3)
000225 e0b0      	LDI  R27,0
000226 940c 022f 	JMP  _delay_ms
                 
                 ;OPTIMIZER ADDED SUBROUTINE, CALLED 3 TIMES, CODE SIZE REDUCTION:5 WORDS
                 SUBOPT_0x2:
000228 e3a0      	LDI  R26,LOW(48)
000229 940e 0157 	CALL __lcd_write_nibble_G100
                +
00022b e281     +LDI R24 , LOW ( 33 )
                +__DELAY_USB_LOOP :
00022c 958a     +DEC R24
00022d f7f1     +BRNE __DELAY_USB_LOOP
                 	__DELAY_USB 33
00022e 9508      	RET
                 
                 
                 	.CSEG
                 _delay_ms:
00022f 9610      	adiw r26,0
000230 f039      	breq __delay_ms1
                 __delay_ms0:
                +
000231 ef8a     +LDI R24 , LOW ( 0xFA )
000232 e090     +LDI R25 , HIGH ( 0xFA )
                +__DELAY_USW_LOOP :
000233 9701     +SBIW R24 , 1
000234 f7f1     +BRNE __DELAY_USW_LOOP
                 	__DELAY_USW 0xFA
000235 95a8      	wdr
000236 9711      	sbiw r26,1
000237 f7c9      	brne __delay_ms0
                 __delay_ms1:
000238 9508      	ret
                 
                 ;END OF CODE MARKER
                 __END_OF_CODE:


RESOURCE USE INFORMATION
------------------------

Notice:
The register and instruction counts are symbol table hit counts,
and hence implicitly used resources are not counted, eg, the
'lpm' instruction without operands implicitly uses r0 and z,
none of which are counted.

x,y,z are separate entities in the symbol table and are
counted separately from r26..r31 here.

.dseg memory usage only counts static data declared with .byte

ATmega16 register use summary:
r0 :   4 r1 :   1 r2 :   0 r3 :   0 r4 :   5 r5 :   2 r6 :   5 r7 :   1 
r8 :   2 r9 :   0 r10:   4 r11:   4 r12:   4 r13:   5 r14:   0 r15:   0 
r16:   0 r17:   4 r18:   0 r19:   0 r20:   0 r21:   0 r22:  12 r23:   0 
r24:  27 r25:   8 r26:  71 r27:  15 r28:   4 r29:   1 r30: 160 r31:  39 
x  :   8 y  :  45 z  :  10 
Registers used: 24 out of 35 (68.6%)

ATmega16 instruction use summary:
.lds  :   0 .lds.l:   0 .sts  :   0 .sts.l:   0 adc   :   1 add   :   2 
adiw  :   7 and   :   0 andi  :   2 asr   :   0 bclr  :   0 bld   :   0 
brbc  :   0 brbs  :   0 brcc  :   0 brcs  :   0 break :   0 breq  :   6 
brge  :   0 brhc  :   0 brhs  :   0 brid  :   0 brie  :   0 brlo  :   2 
brlt  :   1 brmi  :   0 brne  :  25 brpl  :   1 brsh  :   0 brtc  :   0 
brts  :   1 brvc  :   0 brvs  :   0 bset  :   0 bst   :   0 call  :  18 
cbi   :   5 cbr   :   0 clc   :   0 clh   :   0 cli   :   2 cln   :   0 
clr   :   9 cls   :   0 clt   :   1 clv   :   0 clz   :   0 com   :   2 
cp    :   6 cpc   :  10 cpi   :  11 cpse  :   0 dec   :   8 des   :   0 
eor   :   0 fmul  :   0 fmuls :   0 fmulsu:   0 icall :   0 ijmp  :   0 
in    :   5 inc   :   5 jmp   :  25 ld    :  24 ldd   :   5 ldi   :  96 
lds   :   2 lpm   :   7 lsl   :   1 lsr   :   0 mov   :   9 movw  :  11 
mul   :   0 muls  :   0 mulsu :   0 neg   :   0 nop   :   0 or    :   1 
ori   :   1 out   :  52 pop   :   0 push  :   0 rcall :  22 ret   :   9 
reti  :   1 rjmp  :  20 rol   :   1 ror   :   0 sbc   :   2 sbci  :   3 
sbi   :   5 sbic  :   1 sbis  :   0 sbiw  :   5 sbr   :   0 sbrc  :   0 
sbrs  :   0 sec   :   0 seh   :   0 sei   :   2 sen   :   0 ser   :   0 
ses   :   0 set   :   1 sev   :   0 sez   :   0 sleep :   0 spm   :   0 
st    :  24 std   :   3 sts   :   6 sub   :   2 subi  :   7 swap  :   1 
tst   :   3 wdr   :   1 
Instructions used: 54 out of 116 (46.6%)

ATmega16 memory use summary [bytes]:
Segment   Begin    End      Code   Data   Used    Size   Use%
---------------------------------------------------------------
[.cseg] 0x000000 0x000472   1068     70   1138   16384   6.9%
[.dseg] 0x000060 0x00017b      0     27     27    1024   2.6%
[.eseg] 0x000000 0x000000      0      0      0     512   0.0%

Assembly complete, 0 errors, 13 warnings
